[Mon 04 May 2026 02:00:01 AM UTC] 开始备份 Moka 数据库...
[Mon 04 May 2026 02:00:02 AM UTC] 备份完成: /home/malong/mokaproduct/Moka_prod/backups/moka_db_backup_20260504_020001.sql.gz (20K)
[Mon 04 May 2026 02:00:02 AM UTC] 清理 7 天前的旧备份...
[Mon 04 May 2026 02:00:02 AM UTC] 当前保留的备份:
  /home/malong/mokaproduct/Moka_prod/backups/moka_db_backup_20260503_122301.sql.gz (20K)
  /home/malong/mokaproduct/Moka_prod/backups/moka_db_backup_20260504_020001.sql.gz (20K)
[Mon 04 May 2026 02:00:02 AM UTC] 备份任务完成
[Tue 05 May 2026 02:00:02 AM UTC] 开始备份 Moka 数据库...
[Tue 05 May 2026 02:00:02 AM UTC] 备份完成: /home/malong/mokaproduct/Moka_prod/backups/moka_db_backup_20260505_020002.sql.gz (20K)
[Tue 05 May 2026 02:00:02 AM UTC] 清理 7 天前的旧备份...
[Tue 05 May 2026 02:00:02 AM UTC] 当前保留的备份:
  /home/malong/mokaproduct/Moka_prod/backups/moka_db_backup_20260503_122301.sql.gz (20K)
  /home/malong/mokaproduct/Moka_prod/backups/moka_db_backup_20260504_020001.sql.gz (20K)
  /home/malong/mokaproduct/Moka_prod/backups/moka_db_backup_20260505_020002.sql.gz (20K)
[Tue 05 May 2026 02:00:02 AM UTC] 备份任务完成
[Wed 06 May 2026 02:00:01 AM UTC] 开始备份 Moka 数据库...
[Wed 06 May 2026 02:00:02 AM UTC] 备份完成: /home/malong/mokaproduct/Moka_prod/backups/moka_db_backup_20260506_020001.sql.gz (20K)
[Wed 06 May 2026 02:00:02 AM UTC] 清理 7 天前的旧备份...
[Wed 06 May 2026 02:00:02 AM UTC] 当前保留的备份:
  /home/malong/mokaproduct/Moka_prod/backups/moka_db_backup_20260503_122301.sql.gz (20K)
  /home/malong/mokaproduct/Moka_prod/backups/moka_db_backup_20260504_020001.sql.gz (20K)
  /home/malong/mokaproduct/Moka_prod/backups/moka_db_backup_20260505_020002.sql.gz (20K)
  /home/malong/mokaproduct/Moka_prod/backups/moka_db_backup_20260506_020001.sql.gz (20K)
[Wed 06 May 2026 02:00:02 AM UTC] 备份任务完成
[Thu 07 May 2026 02:00:01 AM UTC] 开始备份 Moka 数据库...
[Thu 07 May 2026 02:00:02 AM UTC] 备份完成: /home/malong/mokaproduct/Moka_prod/backups/moka_db_backup_20260507_020001.sql.gz (24K)
[Thu 07 May 2026 02:00:02 AM UTC] 清理 7 天前的旧备份...
[Thu 07 May 2026 02:00:02 AM UTC] 当前保留的备份:
  /home/malong/mokaproduct/Moka_prod/backups/moka_db_backup_20260503_122301.sql.gz (20K)
  /home/malong/mokaproduct/Moka_prod/backups/moka_db_backup_20260504_020001.sql.gz (20K)
  /home/malong/mokaproduct/Moka_prod/backups/moka_db_backup_20260505_020002.sql.gz (20K)
  /home/malong/mokaproduct/Moka_prod/backups/moka_db_backup_20260506_020001.sql.gz (20K)
  /home/malong/mokaproduct/Moka_prod/backups/moka_db_backup_20260507_020001.sql.gz (21K)
[Thu 07 May 2026 02:00:02 AM UTC] 备份任务完成
[Fri 08 May 2026 02:00:01 AM UTC] 开始备份 Moka 数据库...
[Fri 08 May 2026 02:00:03 AM UTC] 备份完成: /home/malong/mokaproduct/Moka_prod/backups/moka_db_backup_20260508_020001.sql.gz (28K)
[Fri 08 May 2026 02:00:03 AM UTC] 清理 7 天前的旧备份...
[Fri 08 May 2026 02:00:03 AM UTC] 当前保留的备份:
  /home/malong/mokaproduct/Moka_prod/backups/moka_db_backup_20260507_020001.sql.gz (21K)
  /home/malong/mokaproduct/Moka_prod/backups/moka_db_backup_20260508_020001.sql.gz (27K)
[Fri 08 May 2026 02:00:03 AM UTC] 备份任务完成
[Sat 09 May 2026 02:00:01 AM UTC] 开始备份 Moka 数据库...
[Sat 09 May 2026 02:00:02 AM UTC] 备份完成: /home/malong/mokaproduct/Moka_prod/backups/moka_db_backup_20260509_020001.sql.gz (28K)
[Sat 09 May 2026 02:00:02 AM UTC] 清理 7 天前的旧备份...
[Sat 09 May 2026 02:00:02 AM UTC] 当前保留的备份:
  /home/malong/mokaproduct/Moka_prod/backups/moka_db_backup_20260507_020001.sql.gz (21K)
  /home/malong/mokaproduct/Moka_prod/backups/moka_db_backup_20260508_020001.sql.gz (27K)
  /home/malong/mokaproduct/Moka_prod/backups/moka_db_backup_20260509_020001.sql.gz (28K)
[Sat 09 May 2026 02:00:02 AM UTC] 备份任务完成
[Sun 10 May 2026 02:00:02 AM UTC] 开始备份 Moka 数据库...
[Sun 10 May 2026 02:00:03 AM UTC] 备份完成: /home/malong/mokaproduct/Moka_prod/backups/moka_db_backup_20260510_020002.sql.gz (32K)
[Sun 10 May 2026 02:00:03 AM UTC] 清理 7 天前的旧备份...
[Sun 10 May 2026 02:00:03 AM UTC] 当前保留的备份:
  /home/malong/mokaproduct/Moka_prod/backups/moka_db_backup_20260507_020001.sql.gz (21K)
  /home/malong/mokaproduct/Moka_prod/backups/moka_db_backup_20260508_020001.sql.gz (27K)
  /home/malong/mokaproduct/Moka_prod/backups/moka_db_backup_20260509_020001.sql.gz (28K)
  /home/malong/mokaproduct/Moka_prod/backups/moka_db_backup_20260510_020002.sql.gz (29K)
[Sun 10 May 2026 02:00:03 AM UTC] 备份任务完成
[Mon 11 May 2026 02:00:01 AM UTC] 开始备份 Moka 数据库...
[Mon 11 May 2026 02:00:01 AM UTC] 备份完成: /home/malong/mokaproduct/Moka_prod/backups/moka_db_backup_20260511_020001.sql.gz (32K)
[Mon 11 May 2026 02:00:01 AM UTC] 清理 7 天前的旧备份...
[Mon 11 May 2026 02:00:01 AM UTC] 当前保留的备份:
  /home/malong/mokaproduct/Moka_prod/backups/moka_db_backup_20260507_020001.sql.gz (21K)
  /home/malong/mokaproduct/Moka_prod/backups/moka_db_backup_20260508_020001.sql.gz (27K)
  /home/malong/mokaproduct/Moka_prod/backups/moka_db_backup_20260509_020001.sql.gz (28K)
  /home/malong/mokaproduct/Moka_prod/backups/moka_db_backup_20260510_020002.sql.gz (29K)
  /home/malong/mokaproduct/Moka_prod/backups/moka_db_backup_20260511_020001.sql.gz (29K)
[Mon 11 May 2026 02:00:01 AM UTC] 备份任务完成
[Tue 12 May 2026 02:00:01 AM UTC] 开始备份 Moka 数据库...
[Tue 12 May 2026 02:00:02 AM UTC] 备份完成: /home/malong/mokaproduct/Moka_prod/backups/moka_db_backup_20260512_020001.sql.gz (36K)
[Tue 12 May 2026 02:00:02 AM UTC] 清理 7 天前的旧备份...
[Tue 12 May 2026 02:00:02 AM UTC] 当前保留的备份:
  /home/malong/mokaproduct/Moka_prod/backups/moka_db_backup_20260507_020001.sql.gz (21K)
  /home/malong/mokaproduct/Moka_prod/backups/moka_db_backup_20260508_020001.sql.gz (27K)
  /home/malong/mokaproduct/Moka_prod/backups/moka_db_backup_20260509_020001.sql.gz (28K)
  /home/malong/mokaproduct/Moka_prod/backups/moka_db_backup_20260510_020002.sql.gz (29K)
  /home/malong/mokaproduct/Moka_prod/backups/moka_db_backup_20260511_020001.sql.gz (29K)
  /home/malong/mokaproduct/Moka_prod/backups/moka_db_backup_20260512_020001.sql.gz (34K)
[Tue 12 May 2026 02:00:02 AM UTC] 备份任务完成
[Wed 13 May 2026 02:00:01 AM UTC] 开始备份 Moka 数据库...
[Wed 13 May 2026 02:00:02 AM UTC] 备份完成: /home/malong/mokaproduct/Moka_prod/backups/moka_db_backup_20260513_020001.sql.gz (36K)
[Wed 13 May 2026 02:00:02 AM UTC] 清理 7 天前的旧备份...
[Wed 13 May 2026 02:00:02 AM UTC] 当前保留的备份:
  /home/malong/mokaproduct/Moka_prod/backups/moka_db_backup_20260507_020001.sql.gz (21K)
  /home/malong/mokaproduct/Moka_prod/backups/moka_db_backup_20260508_020001.sql.gz (27K)
  /home/malong/mokaproduct/Moka_prod/backups/moka_db_backup_20260509_020001.sql.gz (28K)
  /home/malong/mokaproduct/Moka_prod/backups/moka_db_backup_20260510_020002.sql.gz (29K)
  /home/malong/mokaproduct/Moka_prod/backups/moka_db_backup_20260511_020001.sql.gz (29K)
  /home/malong/mokaproduct/Moka_prod/backups/moka_db_backup_20260512_020001.sql.gz (34K)
  /home/malong/mokaproduct/Moka_prod/backups/moka_db_backup_20260513_020001.sql.gz (34K)
[Wed 13 May 2026 02:00:02 AM UTC] 备份任务完成
[Thu 14 May 2026 02:00:01 AM UTC] 开始备份 Moka 数据库...
[Thu 14 May 2026 02:00:02 AM UTC] 备份完成: /home/malong/mokaproduct/Moka_prod/backups/moka_db_backup_20260514_020001.sql.gz (36K)
[Thu 14 May 2026 02:00:02 AM UTC] 清理 7 天前的旧备份...
[Thu 14 May 2026 02:00:02 AM UTC] 当前保留的备份:
  /home/malong/mokaproduct/Moka_prod/backups/moka_db_backup_20260507_020001.sql.gz (21K)
  /home/malong/mokaproduct/Moka_prod/backups/moka_db_backup_20260508_020001.sql.gz (27K)
  /home/malong/mokaproduct/Moka_prod/backups/moka_db_backup_20260509_020001.sql.gz (28K)
  /home/malong/mokaproduct/Moka_prod/backups/moka_db_backup_20260510_020002.sql.gz (29K)
  /home/malong/mokaproduct/Moka_prod/backups/moka_db_backup_20260511_020001.sql.gz (29K)
  /home/malong/mokaproduct/Moka_prod/backups/moka_db_backup_20260512_020001.sql.gz (34K)
  /home/malong/mokaproduct/Moka_prod/backups/moka_db_backup_20260513_020001.sql.gz (34K)
  /home/malong/mokaproduct/Moka_prod/backups/moka_db_backup_20260514_020001.sql.gz (34K)
[Thu 14 May 2026 02:00:02 AM UTC] 备份任务完成
[Fri 15 May 2026 02:00:01 AM UTC] 开始备份 Moka 数据库...
[Fri 15 May 2026 02:00:02 AM UTC] 备份完成: /home/malong/mokaproduct/Moka_prod/backups/moka_db_backup_20260515_020001.sql.gz (40K)
[Fri 15 May 2026 02:00:02 AM UTC] 清理 7 天前的旧备份...
[Fri 15 May 2026 02:00:02 AM UTC] 当前保留的备份:
  /home/malong/mokaproduct/Moka_prod/backups/moka_db_backup_20260507_020001.sql.gz (21K)
  /home/malong/mokaproduct/Moka_prod/backups/moka_db_backup_20260508_020001.sql.gz (27K)
  /home/malong/mokaproduct/Moka_prod/backups/moka_db_backup_20260509_020001.sql.gz (28K)
  /home/malong/mokaproduct/Moka_prod/backups/moka_db_backup_20260510_020002.sql.gz (29K)
  /home/malong/mokaproduct/Moka_prod/backups/moka_db_backup_20260511_020001.sql.gz (29K)
  /home/malong/mokaproduct/Moka_prod/backups/moka_db_backup_20260512_020001.sql.gz (34K)
  /home/malong/mokaproduct/Moka_prod/backups/moka_db_backup_20260513_020001.sql.gz (34K)
  /home/malong/mokaproduct/Moka_prod/backups/moka_db_backup_20260514_020001.sql.gz (34K)
  /home/malong/mokaproduct/Moka_prod/backups/moka_db_backup_20260515_020001.sql.gz (37K)
[Fri 15 May 2026 02:00:02 AM UTC] 备份任务完成
[Sat 16 May 2026 02:00:01 AM UTC] 开始备份 Moka 数据库...
[Sat 16 May 2026 02:00:02 AM UTC] 备份完成: /home/malong/mokaproduct/Moka_prod/backups/moka_db_backup_20260516_020001.sql.gz (44K)
[Sat 16 May 2026 02:00:02 AM UTC] 清理 7 天前的旧备份...
[Sat 16 May 2026 02:00:02 AM UTC] 当前保留的备份:
  /home/malong/mokaproduct/Moka_prod/backups/moka_db_backup_20260508_020001.sql.gz (27K)
  /home/malong/mokaproduct/Moka_prod/backups/moka_db_backup_20260509_020001.sql.gz (28K)
  /home/malong/mokaproduct/Moka_prod/backups/moka_db_backup_20260510_020002.sql.gz (29K)
  /home/malong/mokaproduct/Moka_prod/backups/moka_db_backup_20260511_020001.sql.gz (29K)
  /home/malong/mokaproduct/Moka_prod/backups/moka_db_backup_20260512_020001.sql.gz (34K)
  /home/malong/mokaproduct/Moka_prod/backups/moka_db_backup_20260513_020001.sql.gz (34K)
  /home/malong/mokaproduct/Moka_prod/backups/moka_db_backup_20260514_020001.sql.gz (34K)
  /home/malong/mokaproduct/Moka_prod/backups/moka_db_backup_20260515_020001.sql.gz (37K)
  /home/malong/mokaproduct/Moka_prod/backups/moka_db_backup_20260516_020001.sql.gz (41K)
[Sat 16 May 2026 02:00:02 AM UTC] 备份任务完成
[Sun 17 May 2026 02:00:01 AM UTC] 开始备份 Moka 数据库...
[Sun 17 May 2026 02:00:01 AM UTC] 备份完成: /home/malong/mokaproduct/Moka_prod/backups/moka_db_backup_20260517_020001.sql.gz (44K)
[Sun 17 May 2026 02:00:01 AM UTC] 清理 7 天前的旧备份...
[Sun 17 May 2026 02:00:01 AM UTC] 当前保留的备份:
  /home/malong/mokaproduct/Moka_prod/backups/moka_db_backup_20260509_020001.sql.gz (28K)
  /home/malong/mokaproduct/Moka_prod/backups/moka_db_backup_20260510_020002.sql.gz (29K)
  /home/malong/mokaproduct/Moka_prod/backups/moka_db_backup_20260511_020001.sql.gz (29K)
  /home/malong/mokaproduct/Moka_prod/backups/moka_db_backup_20260512_020001.sql.gz (34K)
  /home/malong/mokaproduct/Moka_prod/backups/moka_db_backup_20260513_020001.sql.gz (34K)
  /home/malong/mokaproduct/Moka_prod/backups/moka_db_backup_20260514_020001.sql.gz (34K)
  /home/malong/mokaproduct/Moka_prod/backups/moka_db_backup_20260515_020001.sql.gz (37K)
  /home/malong/mokaproduct/Moka_prod/backups/moka_db_backup_20260516_020001.sql.gz (41K)
  /home/malong/mokaproduct/Moka_prod/backups/moka_db_backup_20260517_020001.sql.gz (41K)
[Sun 17 May 2026 02:00:01 AM UTC] 备份任务完成
